2021-winter: 119 listed, 46 TV with a start date
2024-fall: 117 listed, 53 TV with a start date

99 titles, 99 trend requests to make (~3 min)
[1/99] 103632 Kumo desu ga, Nani ka?  (484 days, 363 pre-air)
[2/99] 104459 Yuru Camp△ SEASON 2  (486 days, 365 pre-air)
[3/99] 106503 EX-ARM  (463 days, 342 pre-air)
[4/99] 108465 Mushoku Tensei: Isekai Ittara Honki Dasu  (484 days, 363 pre-air)
[5/99] 108511 Tensei Shitara Slime Datta Ken 2nd Season  (486 days, 365 pre-air)
[6/99] 108631 Hataraku Saibou!!  (486 days, 365 pre-air)
[7/99] 108725 Yakusoku no Neverland 2  (486 days, 365 pre-air)
[8/99] 109010 I★CHU: HALFWAY THROUGH THE IDOL  (251 days, 130 pre-air)
[9/99] 109261 Go-toubun no Hanayome ∬  (487 days, 366 pre-air)
[10/99] 109403 Non Non Biyori: Nonstop  (477 days, 356 pre-air)
[11/99] 110277 Shingeki no Kyojin: The Final Season  (486 days, 365 pre-air)
[12/99] 112443 Jaku-Chara Tomozaki-kun  (417 days, 296 pre-air)
[13/99] 112649 Tatoeba Last Dungeon Mae no Mura no Shounen ga Joban no  (435 days, 314 pre-air)
[14/99] 113231 2.43: Seiin Koukou Danshi Volley-bu  (356 days, 235 pre-air)
[15/99] 113476 SHOW BY ROCK!! STARS!!  (368 days, 247 pre-air)
[16/99] 113585 Skate-Leading☆Stars  (393 days, 272 pre-air)
[17/99] 113814 IDOLY PRIDE  (356 days, 235 pre-air)
[18/99] 113936 Dr. STONE: STONE WARS  (486 days, 365 pre-air)
[19/99] 114085 Kemono Jihen  (444 days, 323 pre-air)
[20/99] 114087 World Trigger 2nd Season  (480 days, 359 pre-air)
[21/99] 114194 BEASTARS 2nd Season  (486 days, 365 pre-air)
[22/99] 114301 Hortensia Saga  (354 days, 233 pre-air)
[23/99] 114304 Shin Chuuka Ichiban! 2  (197 days, 82 pre-air)
[24/99] 114307 Back Arrow  (369 days, 248 pre-air)
[25/99] 114862 Log Horizon: Entaku Houkai  (478 days, 357 pre-air)
[26/99] 116287 Ura Sekai Picnic  (387 days, 266 pre-air)
[27/99] 116752 Nanatsu no Taizai: Funnu no Shinpan  (419 days, 298 pre-air)
[28/99] 116944 WIXOSS DIVA(A)LIVE  (333 days, 212 pre-air)
[29/99] 117067 Maiko-san Chi no Makanai-san  (280 days, 159 pre-air)
[30/99] 117085 Majutsushi Orphen Hagure Tabi: Kimluck-hen  (336 days, 216 pre-air)
[31/99] 117533 Hataraku Saibou BLACK  (390 days, 269 pre-air)
[32/99] 117696 Tenchi Souzou Design-bu  (293 days, 172 pre-air)
[33/99] 118375 Ore dake Haireru Kakushi Dungeon  (352 days, 231 pre-air)
[34/99] 119123 Soukou Musume Senki  (208 days, 87 pre-air)
[35/99] 119661 Re:Zero kara Hajimeru Isekai Seikatsu 2nd Season Part 2  (330 days, 209 pre-air)
[36/99] 123779 Kai Byoui Ramune  (244 days, 123 pre-air)
[37/99] 123785 Praeter no Kizu  (246 days, 125 pre-air)
[38/99] 124080 Horimiya  (236 days, 115 pre-air)
[39/99] 124131 Gekidol  (230 days, 109 pre-air)
[40/99] 124153 SK∞  (233 days, 112 pre-air)
[41/99] 124223 Uma Musume: Pretty Derby Season 2  (218 days, 97 pre-air)
[42/99] 124845 Wonder Egg Priority  (217 days, 96 pre-air)
[43/99] 126905 Tropical-Rouge! Precure  (201 days, 80 pre-air)
[44/99] 128872 Aikatsu Planet!  (107 days, 0 pre-air)
[45/99] 130402 WAVE!! Surfing Yappe!! (TV)  (73 days, 0 pre-air)
[46/99] 131096 Bakugan: Geogan Rising  (56 days, 0 pre-air)
[47/99] 107372 Mahoutsukai ni Narenakatta Onnanoko no Hanashi.  (353 days, 236 pre-air)
[48/99] 111314 Uzumaki  (481 days, 364 pre-air)
[49/99] 138522 Thunderbolt Fantasy: Touriken Yuuki 4  (243 days, 126 pre-air)
[50/99] 141182 Seirei Gensouki 2  (482 days, 365 pre-air)
[51/99] 151514 Chi. Chikyuu no Undou ni Tsuite  (399 days, 282 pre-air)
[52/99] 154473 Arifureta Shokugyou de Sekai Saikyou 3rd season  (482 days, 365 pre-air)
[53/99] 154673 Mecha-ude (TV)  (421 days, 304 pre-air)
[54/99] 155502 Love Live! Superstar!! 3rd Season  (444 days, 327 pre-air)
[55/99] 162785 Tsuma, Shougakusei ni Naru.  (356 days, 239 pre-air)
[56/99] 163134 Re:Zero kara Hajimeru Isekai Seikatsu 3rd Season  (482 days, 365 pre-air)
[57/99] 163135 Maou 2099  (472 days, 355 pre-air)
[58/99] 163146 Blue Lock VS. U-20 JAPAN  (482 days, 365 pre-air)
[59/99] 164172 Amagami-san Chi no Enmusubi  (459 days, 342 pre-air)
[60/99] 164299 Yarinaoshi Reijou wa Ryuutei Heika wo Kouryaku-chuu  (443 days, 326 pre-air)
[61/99] 165790 Kekkon Suru tte, Hontou desu ka  (454 days, 337 pre-air)
[62/99] 165810 Shin Tennis no Ouji-sama: U-17 WORLD CUP SEMIFINAL  (355 days, 238 pre-air)
[63/99] 166611 Natsume Yuujinchou Shichi  (465 days, 348 pre-air)
[64/99] 167141 Sword Art Online Alternative: Gun Gale Online II  (480 days, 363 pre-air)
[65/99] 168139 Rekishi ni Nokoru Akujo ni Naruzo  (481 days, 364 pre-air)
[66/99] 168500 Maou-sama, Retry! R  (464 days, 347 pre-air)
[67/99] 168537 Haigakura  (425 days, 308 pre-air)
[68/99] 169258 Ao no Miburo  (450 days, 333 pre-air)
[69/99] 169315 Trillion Game  (420 days, 303 pre-air)
[70/99] 169755 BLEACH: Sennen Kessen-hen - Soukoku-tan  (482 days, 365 pre-air)
[71/99] 170083 Dragon Ball DAIMA  (481 days, 364 pre-air)
[72/99] 170468 Raise wa Tanin ga Ii  (443 days, 326 pre-air)
[73/99] 171018 Dandadan  (428 days, 311 pre-air)
[74/99] 171025 Kabushiki Gaisha Magi Lumiere  (425 days, 308 pre-air)
[75/99] 171038 Hoshi Furu Oukoku no Nina  (429 days, 312 pre-air)
[76/99] 171400 Puniru wa Kawaii Slime  (270 days, 153 pre-air)
[77/99] 171545 Youkai Gakkou no Sensei Hajimemashita!  (353 days, 236 pre-air)
[78/99] 171637 Rurouni Kenshin: Meiji Kenkaku Romantan - Kyoto Douran  (409 days, 292 pre-air)
[79/99] 171642 MF Ghost 2nd Season  (399 days, 282 pre-air)
[80/99] 172190 Kimi wa Meido-sama.  (396 days, 279 pre-air)
[81/99] 172199 Kamierabi GOD.app Season 2  (332 days, 215 pre-air)
[82/99] 172355 Kamonohashi Ron no Kindan Suiri 2nd Season  (403 days, 286 pre-air)
[83/99] 173263 Touhai: Ura Rate Mahjong Touhai Roku  (351 days, 234 pre-air)
[84/99] 174043 Party kara Tsuihou sareta Sono Chiyushi, Jitsu wa Saiky  (367 days, 250 pre-air)
[85/99] 174913 Kagaku×Bouken Survival!  (212 days, 109 pre-air)
[86/99] 175019 Nageki no Bourei wa Intai Shitai  (319 days, 202 pre-air)
[87/99] 175533 The iDOLM@STER: Shiny Colors 2nd season  (306 days, 189 pre-air)
[88/99] 176053 Sayonara Ryuusei Konnichiwa Jinsei  (319 days, 202 pre-air)
[89/99] 176292 Nanatsu no Taizai: Mokushiroku no Yonkishi 2nd Season  (314 days, 197 pre-air)
[90/99] 176311 Ao no Exorcist: Yuki no Hate-hen  (313 days, 196 pre-air)
[91/99] 176508 Shangri-La Frontier 2nd Season  (313 days, 196 pre-air)
[92/99] 177581 Kinokoinu  (213 days, 100 pre-air)
[93/99] 178434 Tensei Kizoku, Kantei Skill de Nariagaru 2nd Season  (214 days, 97 pre-air)
[94/99] 178533 Ranma 1/2 (2024)  (219 days, 102 pre-air)
[95/99] 178729 Ooi! Tonbo 2nd Season  (202 days, 86 pre-air)
[96/99] 179919 NegaPosi Angler  (181 days, 64 pre-air)
[97/99] 181776 Murder Mystery of the Dead  (149 days, 51 pre-air)
[98/99] 182434 5-Oku-nen Button Part 2  (41 days, 0 pre-air)
[99/99] 183423 ONE PIECE: Gyojin Tou-hen  (128 days, 11 pre-air)

Done. 105 requests made. Raw responses are in /Users/shenweizhang/Desktop/AnimeRec/data/ani_list/raw
